c:\users\mokit\desktop\dx22\dx22base\x64\release\vc141.pdb
c:\users\mokit\desktop\dx22\dx22base\x64\release\player.obj
c:\users\mokit\desktop\dx22\dx22base\x64\release\number.obj
c:\users\mokit\desktop\dx22\dx22base\x64\release\moveemitter.obj
c:\users\mokit\desktop\dx22\dx22base\x64\release\meter.obj
c:\users\mokit\desktop\dx22\dx22base\x64\release\main.obj
c:\users\mokit\desktop\dx22\dx22base\x64\release\geometory.obj
c:\users\mokit\desktop\dx22\dx22base\x64\release\meshbuffer.obj
c:\users\mokit\desktop\dx22\dx22base\x64\release\itemui.obj
c:\users\mokit\desktop\dx22\dx22base\x64\release\input.obj
c:\users\mokit\desktop\dx22\dx22base\x64\release\goalpoll.obj
c:\users\mokit\desktop\dx22\dx22base\x64\release\field.obj
c:\users\mokit\desktop\dx22\dx22base\x64\release\fade.obj
c:\users\mokit\desktop\dx22\dx22base\x64\release\effect.obj
c:\users\mokit\desktop\dx22\dx22base\x64\release\directx.obj
c:\users\mokit\desktop\dx22\dx22base\x64\release\cpucar.obj
c:\users\mokit\desktop\dx22\dx22base\x64\release\collision.obj
c:\users\mokit\desktop\dx22\dx22base\x64\release\cameraplayer.obj
c:\users\mokit\desktop\dx22\dx22base\x64\release\cameradebug.obj
c:\users\mokit\desktop\dx22\dx22base\x64\release\camerabase.obj
c:\users\mokit\desktop\dx22\dx22base\x64\release\_geometory.obj
c:\users\mokit\desktop\dx22\dx22base\x64\release\traileffect.obj
c:\users\mokit\desktop\dx22\dx22base\x64\release\scenegame.obj
c:\users\mokit\desktop\dx22\dx22base\x64\release\texture.obj
c:\users\mokit\desktop\dx22\dx22base\x64\release\startup.obj
c:\users\mokit\desktop\dx22\dx22base\x64\release\sprite.obj
c:\users\mokit\desktop\dx22\dx22base\x64\release\spitem.obj
c:\users\mokit\desktop\dx22\dx22base\x64\release\skydome.obj
c:\users\mokit\desktop\dx22\dx22base\x64\release\signal.obj
c:\users\mokit\desktop\dx22\dx22base\x64\release\shader.obj
c:\users\mokit\desktop\dx22\dx22base\x64\release\scenetitle.obj
c:\users\mokit\desktop\dx22\dx22base\x64\release\sceneresult.obj
c:\users\mokit\desktop\dx22\dx22base\x64\release\scenemanager.obj
c:\users\mokit\desktop\dx22\dx22base\x64\release\roadeffect.obj
c:\users\mokit\desktop\dx22\dx22base\x64\release\road.obj
c:\users\mokit\desktop\dx22\dx22base\x64\release\polyline.obj
c:\users\mokit\desktop\dx22\dx22base\assets\shader\ps_model_color.cso
c:\users\mokit\desktop\dx22\dx22base\assets\shader\vs_model.cso
c:\users\mokit\desktop\dx22\dx22base\x64\release\dx22base.tlog\cl.command.1.tlog
c:\users\mokit\desktop\dx22\dx22base\x64\release\dx22base.tlog\cl.read.1.tlog
c:\users\mokit\desktop\dx22\dx22base\x64\release\dx22base.tlog\cl.write.1.tlog
c:\users\mokit\desktop\dx22\dx22base\x64\release\dx22base.tlog\fxc.command.1.tlog
c:\users\mokit\desktop\dx22\dx22base\x64\release\dx22base.tlog\fxc.read.1.tlog
c:\users\mokit\desktop\dx22\dx22base\x64\release\dx22base.tlog\fxc.write.1.tlog
