  compilation object save succeeded; see C:\Users\mokit\Desktop\HAL\2年後期まとめ\HewProg\HEW_Project\Assets\Shader\PS_Binarization.cso
  compilation object save succeeded; see C:\Users\mokit\Desktop\HAL\2年後期まとめ\HewProg\HEW_Project\Assets\Shader\PS_Shadow.cso
  compilation object save succeeded; see C:\Users\mokit\Desktop\HAL\2年後期まとめ\HewProg\HEW_Project\Assets\Shader\PS_Sprite.cso
  compilation object save succeeded; see C:\Users\mokit\Desktop\HAL\2年後期まとめ\HewProg\HEW_Project\Assets\Shader\VS_Model.cso
  BackShadow.cpp
  camera.cpp
  CameraBase.cpp
  CameraObject.cpp
  CameraShadow.cpp
  Coin.cpp
  CoinCntUI.cpp
  col.cpp
  Collision.cpp
  Curtain.cpp
  CurtainObject.cpp
  DirectX.cpp
  Fade.cpp
  GameObject.cpp
  Gamepad.cpp
  Goal.cpp
  Haikei.cpp
  HCollision.cpp
  Input.cpp
  ItemUI.cpp
  コードを生成中...
  コンパイル中...
  Lever.cpp
  LibEffekseer.cpp
  Lift_Obj.cpp
  MagnetSN.cpp
  MeshBuffer.cpp
  Geometory.cpp
  Main.cpp
  Model.cpp
  Object.cpp
c:\users\mokit\desktop\hal\2年後期まとめ\hewprog\hew_project\object.cpp(987): warning C4244: '-=': 'double' から 'int' への変換です。データが失われる可能性があります。
  ObjectManager.cpp
c:\users\mokit\desktop\hal\2年後期まとめ\hewprog\hew_project\objectmanager.cpp(835): warning C4309: '引数': 定数値が切り捨てられました。
  ObjectTomegu.cpp
  Player.cpp
  SceneLoad.cpp
  SceneManager.cpp
  SceneResult.cpp
  SceneTutorial.cpp
  Screen.cpp
  SelectScene.cpp
c:\users\mokit\desktop\hal\2年後期まとめ\hewprog\hew_project\selectscene.cpp(168): warning C4309: '引数': 定数値が切り捨てられました。
  Shader.cpp
  ShaderList.cpp
  コードを生成中...
  コンパイル中...
  ShadowP.cpp
  Soundtest.cpp
  Sprite.cpp
  Stair.cpp
c:\users\mokit\desktop\hal\2年後期まとめ\hewprog\hew_project\stair.cpp(265): warning C4244: '-=': 'double' から 'int' への変換です。データが失われる可能性があります。
  Startup.cpp
  Texture.cpp
  SceneGame.cpp
  TitleScene.cpp
  yuka.cpp
  _geometory.cpp
  _model.cpp
  コードを生成中...
  CameraDebug.cpp
Effekseer_vs2017D.lib(Effekseer.Color.obj) : warning LNK4099: PDB 'Effekseer.pdb' が 'Effekseer_vs2017D.lib(Effekseer.Color.obj)' で、または 'C:\Users\mokit\Desktop\HAL\2年後期まとめ\HewProg\x64\Debug\Effekseer.pdb' に見つかりません。デバッグ情報がないものとして、オブジェクトにリンクします。
Effekseer_vs2017D.lib(Effekseer.CurveLoader.obj) : warning LNK4099: PDB 'Effekseer.pdb' が 'Effekseer_vs2017D.lib(Effekseer.CurveLoader.obj)' で、または 'C:\Users\mokit\Desktop\HAL\2年後期まとめ\HewProg\x64\Debug\Effekseer.pdb' に見つかりません。デバッグ情報がないものとして、オブジェクトにリンクします。
Effekseer_vs2017D.lib(Effekseer.DefaultEffectLoader.obj) : warning LNK4099: PDB 'Effekseer.pdb' が 'Effekseer_vs2017D.lib(Effekseer.DefaultEffectLoader.obj)' で、または 'C:\Users\mokit\Desktop\HAL\2年後期まとめ\HewProg\x64\Debug\Effekseer.pdb' に見つかりません。デバッグ情報がないものとして、オブジェクトにリンクします。
Effekseer_vs2017D.lib(Effekseer.DefaultFile.obj) : warning LNK4099: PDB 'Effekseer.pdb' が 'Effekseer_vs2017D.lib(Effekseer.DefaultFile.obj)' で、または 'C:\Users\mokit\Desktop\HAL\2年後期まとめ\HewProg\x64\Debug\Effekseer.pdb' に見つかりません。デバッグ情報がないものとして、オブジェクトにリンクします。
Effekseer_vs2017D.lib(Effekseer.Effect.obj) : warning LNK4099: PDB 'Effekseer.pdb' が 'Effekseer_vs2017D.lib(Effekseer.Effect.obj)' で、または 'C:\Users\mokit\Desktop\HAL\2年後期まとめ\HewProg\x64\Debug\Effekseer.pdb' に見つかりません。デバッグ情報がないものとして、オブジェクトにリンクします。
Effekseer_vs2017D.lib(Effekseer.EffectNode.obj) : warning LNK4099: PDB 'Effekseer.pdb' が 'Effekseer_vs2017D.lib(Effekseer.EffectNode.obj)' で、または 'C:\Users\mokit\Desktop\HAL\2年後期まとめ\HewProg\x64\Debug\Effekseer.pdb' に見つかりません。デバッグ情報がないものとして、オブジェクトにリンクします。
Effekseer_vs2017D.lib(Effekseer.EffectNodeModel.obj) : warning LNK4099: PDB 'Effekseer.pdb' が 'Effekseer_vs2017D.lib(Effekseer.EffectNodeModel.obj)' で、または 'C:\Users\mokit\Desktop\HAL\2年後期まとめ\HewProg\x64\Debug\Effekseer.pdb' に見つかりません。デバッグ情報がないものとして、オブジェクトにリンクします。
Effekseer_vs2017D.lib(Effekseer.EffectNodeRibbon.obj) : warning LNK4099: PDB 'Effekseer.pdb' が 'Effekseer_vs2017D.lib(Effekseer.EffectNodeRibbon.obj)' で、または 'C:\Users\mokit\Desktop\HAL\2年後期まとめ\HewProg\x64\Debug\Effekseer.pdb' に見つかりません。デバッグ情報がないものとして、オブジェクトにリンクします。
Effekseer_vs2017D.lib(Effekseer.EffectNodeRing.obj) : warning LNK4099: PDB 'Effekseer.pdb' が 'Effekseer_vs2017D.lib(Effekseer.EffectNodeRing.obj)' で、または 'C:\Users\mokit\Desktop\HAL\2年後期まとめ\HewProg\x64\Debug\Effekseer.pdb' に見つかりません。デバッグ情報がないものとして、オブジェクトにリンクします。
Effekseer_vs2017D.lib(Effekseer.EffectNodeSprite.obj) : warning LNK4099: PDB 'Effekseer.pdb' が 'Effekseer_vs2017D.lib(Effekseer.EffectNodeSprite.obj)' で、または 'C:\Users\mokit\Desktop\HAL\2年後期まとめ\HewProg\x64\Debug\Effekseer.pdb' に見つかりません。デバッグ情報がないものとして、オブジェクトにリンクします。
Effekseer_vs2017D.lib(Effekseer.EffectNodeTrack.obj) : warning LNK4099: PDB 'Effekseer.pdb' が 'Effekseer_vs2017D.lib(Effekseer.EffectNodeTrack.obj)' で、または 'C:\Users\mokit\Desktop\HAL\2年後期まとめ\HewProg\x64\Debug\Effekseer.pdb' に見つかりません。デバッグ情報がないものとして、オブジェクトにリンクします。
Effekseer_vs2017D.lib(Effekseer.FCurves.obj) : warning LNK4099: PDB 'Effekseer.pdb' が 'Effekseer_vs2017D.lib(Effekseer.FCurves.obj)' で、または 'C:\Users\mokit\Desktop\HAL\2年後期まとめ\HewProg\x64\Debug\Effekseer.pdb' に見つかりません。デバッグ情報がないものとして、オブジェクトにリンクします。
Effekseer_vs2017D.lib(Effekseer.Instance.obj) : warning LNK4099: PDB 'Effekseer.pdb' が 'Effekseer_vs2017D.lib(Effekseer.Instance.obj)' で、または 'C:\Users\mokit\Desktop\HAL\2年後期まとめ\HewProg\x64\Debug\Effekseer.pdb' に見つかりません。デバッグ情報がないものとして、オブジェクトにリンクします。
Effekseer_vs2017D.lib(Effekseer.InstanceChunk.obj) : warning LNK4099: PDB 'Effekseer.pdb' が 'Effekseer_vs2017D.lib(Effekseer.InstanceChunk.obj)' で、または 'C:\Users\mokit\Desktop\HAL\2年後期まとめ\HewProg\x64\Debug\Effekseer.pdb' に見つかりません。デバッグ情報がないものとして、オブジェクトにリンクします。
Effekseer_vs2017D.lib(Effekseer.InstanceContainer.obj) : warning LNK4099: PDB 'Effekseer.pdb' が 'Effekseer_vs2017D.lib(Effekseer.InstanceContainer.obj)' で、または 'C:\Users\mokit\Desktop\HAL\2年後期まとめ\HewProg\x64\Debug\Effekseer.pdb' に見つかりません。デバッグ情報がないものとして、オブジェクトにリンクします。
Effekseer_vs2017D.lib(Effekseer.InstanceGlobal.obj) : warning LNK4099: PDB 'Effekseer.pdb' が 'Effekseer_vs2017D.lib(Effekseer.InstanceGlobal.obj)' で、または 'C:\Users\mokit\Desktop\HAL\2年後期まとめ\HewProg\x64\Debug\Effekseer.pdb' に見つかりません。デバッグ情報がないものとして、オブジェクトにリンクします。
Effekseer_vs2017D.lib(Effekseer.InstanceGroup.obj) : warning LNK4099: PDB 'Effekseer.pdb' が 'Effekseer_vs2017D.lib(Effekseer.InstanceGroup.obj)' で、または 'C:\Users\mokit\Desktop\HAL\2年後期まとめ\HewProg\x64\Debug\Effekseer.pdb' に見つかりません。デバッグ情報がないものとして、オブジェクトにリンクします。
Effekseer_vs2017D.lib(Effekseer.InternalScript.obj) : warning LNK4099: PDB 'Effekseer.pdb' が 'Effekseer_vs2017D.lib(Effekseer.InternalScript.obj)' で、または 'C:\Users\mokit\Desktop\HAL\2年後期まとめ\HewProg\x64\Debug\Effekseer.pdb' に見つかりません。デバッグ情報がないものとして、オブジェクトにリンクします。
Effekseer_vs2017D.lib(Effekseer.Manager.obj) : warning LNK4099: PDB 'Effekseer.pdb' が 'Effekseer_vs2017D.lib(Effekseer.Manager.obj)' で、または 'C:\Users\mokit\Desktop\HAL\2年後期まとめ\HewProg\x64\Debug\Effekseer.pdb' に見つかりません。デバッグ情報がないものとして、オブジェクトにリンクします。
Effekseer_vs2017D.lib(Effekseer.Matrix43.obj) : warning LNK4099: PDB 'Effekseer.pdb' が 'Effekseer_vs2017D.lib(Effekseer.Matrix43.obj)' で、または 'C:\Users\mokit\Desktop\HAL\2年後期まとめ\HewProg\x64\Debug\Effekseer.pdb' に見つかりません。デバッグ情報がないものとして、オブジェクトにリンクします。
Effekseer_vs2017D.lib(Effekseer.Matrix44.obj) : warning LNK4099: PDB 'Effekseer.pdb' が 'Effekseer_vs2017D.lib(Effekseer.Matrix44.obj)' で、または 'C:\Users\mokit\Desktop\HAL\2年後期まとめ\HewProg\x64\Debug\Effekseer.pdb' に見つかりません。デバッグ情報がないものとして、オブジェクトにリンクします。
Effekseer_vs2017D.lib(Effekseer.Random.obj) : warning LNK4099: PDB 'Effekseer.pdb' が 'Effekseer_vs2017D.lib(Effekseer.Random.obj)' で、または 'C:\Users\mokit\Desktop\HAL\2年後期まとめ\HewProg\x64\Debug\Effekseer.pdb' に見つかりません。デバッグ情報がないものとして、オブジェクトにリンクします。
Effekseer_vs2017D.lib(Effekseer.RectF.obj) : warning LNK4099: PDB 'Effekseer.pdb' が 'Effekseer_vs2017D.lib(Effekseer.RectF.obj)' で、または 'C:\Users\mokit\Desktop\HAL\2年後期まとめ\HewProg\x64\Debug\Effekseer.pdb' に見つかりません。デバッグ情報がないものとして、オブジェクトにリンクします。
Effekseer_vs2017D.lib(Effekseer.ResourceManager.obj) : warning LNK4099: PDB 'Effekseer.pdb' が 'Effekseer_vs2017D.lib(Effekseer.ResourceManager.obj)' で、または 'C:\Users\mokit\Desktop\HAL\2年後期まとめ\HewProg\x64\Debug\Effekseer.pdb' に見つかりません。デバッグ情報がないものとして、オブジェクトにリンクします。
Effekseer_vs2017D.lib(Effekseer.Setting.obj) : warning LNK4099: PDB 'Effekseer.pdb' が 'Effekseer_vs2017D.lib(Effekseer.Setting.obj)' で、または 'C:\Users\mokit\Desktop\HAL\2年後期まとめ\HewProg\x64\Debug\Effekseer.pdb' に見つかりません。デバッグ情報がないものとして、オブジェクトにリンクします。
Effekseer_vs2017D.lib(Effekseer.Vector2D.obj) : warning LNK4099: PDB 'Effekseer.pdb' が 'Effekseer_vs2017D.lib(Effekseer.Vector2D.obj)' で、または 'C:\Users\mokit\Desktop\HAL\2年後期まとめ\HewProg\x64\Debug\Effekseer.pdb' に見つかりません。デバッグ情報がないものとして、オブジェクトにリンクします。
Effekseer_vs2017D.lib(Effekseer.Vector3D.obj) : warning LNK4099: PDB 'Effekseer.pdb' が 'Effekseer_vs2017D.lib(Effekseer.Vector3D.obj)' で、または 'C:\Users\mokit\Desktop\HAL\2年後期まとめ\HewProg\x64\Debug\Effekseer.pdb' に見つかりません。デバッグ情報がないものとして、オブジェクトにリンクします。
Effekseer_vs2017D.lib(Effekseer.WorkerThread.obj) : warning LNK4099: PDB 'Effekseer.pdb' が 'Effekseer_vs2017D.lib(Effekseer.WorkerThread.obj)' で、または 'C:\Users\mokit\Desktop\HAL\2年後期まとめ\HewProg\x64\Debug\Effekseer.pdb' に見つかりません。デバッグ情報がないものとして、オブジェクトにリンクします。
Effekseer_vs2017D.lib(Effekseer.MaterialFile.obj) : warning LNK4099: PDB 'Effekseer.pdb' が 'Effekseer_vs2017D.lib(Effekseer.MaterialFile.obj)' で、または 'C:\Users\mokit\Desktop\HAL\2年後期まとめ\HewProg\x64\Debug\Effekseer.pdb' に見つかりません。デバッグ情報がないものとして、オブジェクトにリンクします。
Effekseer_vs2017D.lib(Effekseer.CompiledMaterial.obj) : warning LNK4099: PDB 'Effekseer.pdb' が 'Effekseer_vs2017D.lib(Effekseer.CompiledMaterial.obj)' で、または 'C:\Users\mokit\Desktop\HAL\2年後期まとめ\HewProg\x64\Debug\Effekseer.pdb' に見つかりません。デバッグ情報がないものとして、オブジェクトにリンクします。
Effekseer_vs2017D.lib(Effekseer.EfkEfcFactory.obj) : warning LNK4099: PDB 'Effekseer.pdb' が 'Effekseer_vs2017D.lib(Effekseer.EfkEfcFactory.obj)' で、または 'C:\Users\mokit\Desktop\HAL\2年後期まとめ\HewProg\x64\Debug\Effekseer.pdb' に見つかりません。デバッグ情報がないものとして、オブジェクトにリンクします。
Effekseer_vs2017D.lib(Easing.obj) : warning LNK4099: PDB 'Effekseer.pdb' が 'Effekseer_vs2017D.lib(Easing.obj)' で、または 'C:\Users\mokit\Desktop\HAL\2年後期まとめ\HewProg\x64\Debug\Effekseer.pdb' に見つかりません。デバッグ情報がないものとして、オブジェクトにリンクします。
Effekseer_vs2017D.lib(Effekseer.Parameters.obj) : warning LNK4099: PDB 'Effekseer.pdb' が 'Effekseer_vs2017D.lib(Effekseer.Parameters.obj)' で、または 'C:\Users\mokit\Desktop\HAL\2年後期まとめ\HewProg\x64\Debug\Effekseer.pdb' に見つかりません。デバッグ情報がないものとして、オブジェクトにリンクします。
Effekseer_vs2017D.lib(Rotation.obj) : warning LNK4099: PDB 'Effekseer.pdb' が 'Effekseer_vs2017D.lib(Rotation.obj)' で、または 'C:\Users\mokit\Desktop\HAL\2年後期まとめ\HewProg\x64\Debug\Effekseer.pdb' に見つかりません。デバッグ情報がないものとして、オブジェクトにリンクします。
Effekseer_vs2017D.lib(Effekseer.CustomAllocator.obj) : warning LNK4099: PDB 'Effekseer.pdb' が 'Effekseer_vs2017D.lib(Effekseer.CustomAllocator.obj)' で、または 'C:\Users\mokit\Desktop\HAL\2年後期まとめ\HewProg\x64\Debug\Effekseer.pdb' に見つかりません。デバッグ情報がないものとして、オブジェクトにリンクします。
Effekseer_vs2017D.lib(Mat43f.obj) : warning LNK4099: PDB 'Effekseer.pdb' が 'Effekseer_vs2017D.lib(Mat43f.obj)' で、または 'C:\Users\mokit\Desktop\HAL\2年後期まとめ\HewProg\x64\Debug\Effekseer.pdb' に見つかりません。デバッグ情報がないものとして、オブジェクトにリンクします。
Effekseer_vs2017D.lib(Mat44f.obj) : warning LNK4099: PDB 'Effekseer.pdb' が 'Effekseer_vs2017D.lib(Mat44f.obj)' で、または 'C:\Users\mokit\Desktop\HAL\2年後期まとめ\HewProg\x64\Debug\Effekseer.pdb' に見つかりません。デバッグ情報がないものとして、オブジェクトにリンクします。
Effekseer_vs2017D.lib(Utils.obj) : warning LNK4099: PDB 'Effekseer.pdb' が 'Effekseer_vs2017D.lib(Utils.obj)' で、または 'C:\Users\mokit\Desktop\HAL\2年後期まとめ\HewProg\x64\Debug\Effekseer.pdb' に見つかりません。デバッグ情報がないものとして、オブジェクトにリンクします。
Effekseer_vs2017D.lib(CurlNoise.obj) : warning LNK4099: PDB 'Effekseer.pdb' が 'Effekseer_vs2017D.lib(CurlNoise.obj)' で、または 'C:\Users\mokit\Desktop\HAL\2年後期まとめ\HewProg\x64\Debug\Effekseer.pdb' に見つかりません。デバッグ情報がないものとして、オブジェクトにリンクします。
Effekseer_vs2017D.lib(ForceFields.obj) : warning LNK4099: PDB 'Effekseer.pdb' が 'Effekseer_vs2017D.lib(ForceFields.obj)' で、または 'C:\Users\mokit\Desktop\HAL\2年後期まとめ\HewProg\x64\Debug\Effekseer.pdb' に見つかりません。デバッグ情報がないものとして、オブジェクトにリンクします。
Effekseer_vs2017D.lib(ProceduralModelGenerator.obj) : warning LNK4099: PDB 'Effekseer.pdb' が 'Effekseer_vs2017D.lib(ProceduralModelGenerator.obj)' で、または 'C:\Users\mokit\Desktop\HAL\2年後期まとめ\HewProg\x64\Debug\Effekseer.pdb' に見つかりません。デバッグ情報がないものとして、オブジェクトにリンクします。
Effekseer_vs2017D.lib(Model.obj) : warning LNK4099: PDB 'Effekseer.pdb' が 'Effekseer_vs2017D.lib(Model.obj)' で、または 'C:\Users\mokit\Desktop\HAL\2年後期まとめ\HewProg\x64\Debug\Effekseer.pdb' に見つかりません。デバッグ情報がないものとして、オブジェクトにリンクします。
Effekseer_vs2017D.lib(ModelLoader.obj) : warning LNK4099: PDB 'Effekseer.pdb' が 'Effekseer_vs2017D.lib(ModelLoader.obj)' で、または 'C:\Users\mokit\Desktop\HAL\2年後期まとめ\HewProg\x64\Debug\Effekseer.pdb' に見つかりません。デバッグ情報がないものとして、オブジェクトにリンクします。
Effekseer_vs2017D.lib(SplineGenerator.obj) : warning LNK4099: PDB 'Effekseer.pdb' が 'Effekseer_vs2017D.lib(SplineGenerator.obj)' で、または 'C:\Users\mokit\Desktop\HAL\2年後期まとめ\HewProg\x64\Debug\Effekseer.pdb' に見つかりません。デバッグ情報がないものとして、オブジェクトにリンクします。
EffekseerRendererDX11_vs2017D.lib(EffekseerRenderer.CommonUtils.obj) : warning LNK4099: PDB 'EffekseerRendererDX11.pdb' が 'EffekseerRendererDX11_vs2017D.lib(EffekseerRenderer.CommonUtils.obj)' で、または 'C:\Users\mokit\Desktop\HAL\2年後期まとめ\HewProg\x64\Debug\EffekseerRendererDX11.pdb' に見つかりません。デバッグ情報がないものとして、オブジェクトにリンクします。
EffekseerRendererDX11_vs2017D.lib(EffekseerRenderer.DDSTextureLoader.obj) : warning LNK4099: PDB 'EffekseerRendererDX11.pdb' が 'EffekseerRendererDX11_vs2017D.lib(EffekseerRenderer.DDSTextureLoader.obj)' で、または 'C:\Users\mokit\Desktop\HAL\2年後期まとめ\HewProg\x64\Debug\EffekseerRendererDX11.pdb' に見つかりません。デバッグ情報がないものとして、オブジェクトにリンクします。
EffekseerRendererDX11_vs2017D.lib(EffekseerRenderer.IndexBufferBase.obj) : warning LNK4099: PDB 'EffekseerRendererDX11.pdb' が 'EffekseerRendererDX11_vs2017D.lib(EffekseerRenderer.IndexBufferBase.obj)' で、または 'C:\Users\mokit\Desktop\HAL\2年後期まとめ\HewProg\x64\Debug\EffekseerRendererDX11.pdb' に見つかりません。デバッグ情報がないものとして、オブジェクトにリンクします。
EffekseerRendererDX11_vs2017D.lib(EffekseerRenderer.PngTextureLoader.obj) : warning LNK4099: PDB 'EffekseerRendererDX11.pdb' が 'EffekseerRendererDX11_vs2017D.lib(EffekseerRenderer.PngTextureLoader.obj)' で、または 'C:\Users\mokit\Desktop\HAL\2年後期まとめ\HewProg\x64\Debug\EffekseerRendererDX11.pdb' に見つかりません。デバッグ情報がないものとして、オブジェクトにリンクします。
EffekseerRendererDX11_vs2017D.lib(EffekseerRenderer.RenderStateBase.obj) : warning LNK4099: PDB 'EffekseerRendererDX11.pdb' が 'EffekseerRendererDX11_vs2017D.lib(EffekseerRenderer.RenderStateBase.obj)' で、または 'C:\Users\mokit\Desktop\HAL\2年後期まとめ\HewProg\x64\Debug\EffekseerRendererDX11.pdb' に見つかりません。デバッグ情報がないものとして、オブジェクトにリンクします。
EffekseerRendererDX11_vs2017D.lib(EffekseerRenderer.Renderer.obj) : warning LNK4099: PDB 'EffekseerRendererDX11.pdb' が 'EffekseerRendererDX11_vs2017D.lib(EffekseerRenderer.Renderer.obj)' で、または 'C:\Users\mokit\Desktop\HAL\2年後期まとめ\HewProg\x64\Debug\EffekseerRendererDX11.pdb' に見つかりません。デバッグ情報がないものとして、オブジェクトにリンクします。
EffekseerRendererDX11_vs2017D.lib(EffekseerRenderer.Renderer_Impl.obj) : warning LNK4099: PDB 'EffekseerRendererDX11.pdb' が 'EffekseerRendererDX11_vs2017D.lib(EffekseerRenderer.Renderer_Impl.obj)' で、または 'C:\Users\mokit\Desktop\HAL\2年後期まとめ\HewProg\x64\Debug\EffekseerRendererDX11.pdb' に見つかりません。デバッグ情報がないものとして、オブジェクトにリンクします。
EffekseerRendererDX11_vs2017D.lib(EffekseerRenderer.TGATextureLoader.obj) : warning LNK4099: PDB 'EffekseerRendererDX11.pdb' が 'EffekseerRendererDX11_vs2017D.lib(EffekseerRenderer.TGATextureLoader.obj)' で、または 'C:\Users\mokit\Desktop\HAL\2年後期まとめ\HewProg\x64\Debug\EffekseerRendererDX11.pdb' に見つかりません。デバッグ情報がないものとして、オブジェクトにリンクします。
EffekseerRendererDX11_vs2017D.lib(EffekseerRenderer.VertexBufferBase.obj) : warning LNK4099: PDB 'EffekseerRendererDX11.pdb' が 'EffekseerRendererDX11_vs2017D.lib(EffekseerRenderer.VertexBufferBase.obj)' で、または 'C:\Users\mokit\Desktop\HAL\2年後期まとめ\HewProg\x64\Debug\EffekseerRendererDX11.pdb' に見つかりません。デバッグ情報がないものとして、オブジェクトにリンクします。
EffekseerRendererDX11_vs2017D.lib(ModelLoader.obj) : warning LNK4099: PDB 'EffekseerRendererDX11.pdb' が 'EffekseerRendererDX11_vs2017D.lib(ModelLoader.obj)' で、または 'C:\Users\mokit\Desktop\HAL\2年後期まとめ\HewProg\x64\Debug\EffekseerRendererDX11.pdb' に見つかりません。デバッグ情報がないものとして、オブジェクトにリンクします。
EffekseerRendererDX11_vs2017D.lib(TextureLoader.obj) : warning LNK4099: PDB 'EffekseerRendererDX11.pdb' が 'EffekseerRendererDX11_vs2017D.lib(TextureLoader.obj)' で、または 'C:\Users\mokit\Desktop\HAL\2年後期まとめ\HewProg\x64\Debug\EffekseerRendererDX11.pdb' に見つかりません。デバッグ情報がないものとして、オブジェクトにリンクします。
EffekseerRendererDX11_vs2017D.lib(EffekseerRendererDX11.DeviceObject.obj) : warning LNK4099: PDB 'EffekseerRendererDX11.pdb' が 'EffekseerRendererDX11_vs2017D.lib(EffekseerRendererDX11.DeviceObject.obj)' で、または 'C:\Users\mokit\Desktop\HAL\2年後期まとめ\HewProg\x64\Debug\EffekseerRendererDX11.pdb' に見つかりません。デバッグ情報がないものとして、オブジェクトにリンクします。
EffekseerRendererDX11_vs2017D.lib(EffekseerRendererDX11.IndexBuffer.obj) : warning LNK4099: PDB 'EffekseerRendererDX11.pdb' が 'EffekseerRendererDX11_vs2017D.lib(EffekseerRendererDX11.IndexBuffer.obj)' で、または 'C:\Users\mokit\Desktop\HAL\2年後期まとめ\HewProg\x64\Debug\EffekseerRendererDX11.pdb' に見つかりません。デバッグ情報がないものとして、オブジェクトにリンクします。
EffekseerRendererDX11_vs2017D.lib(EffekseerRendererDX11.MaterialLoader.obj) : warning LNK4099: PDB 'EffekseerRendererDX11.pdb' が 'EffekseerRendererDX11_vs2017D.lib(EffekseerRendererDX11.MaterialLoader.obj)' で、または 'C:\Users\mokit\Desktop\HAL\2年後期まとめ\HewProg\x64\Debug\EffekseerRendererDX11.pdb' に見つかりません。デバッグ情報がないものとして、オブジェクトにリンクします。
EffekseerRendererDX11_vs2017D.lib(EffekseerRendererDX11.ModelRenderer.obj) : warning LNK4099: PDB 'EffekseerRendererDX11.pdb' が 'EffekseerRendererDX11_vs2017D.lib(EffekseerRendererDX11.ModelRenderer.obj)' で、または 'C:\Users\mokit\Desktop\HAL\2年後期まとめ\HewProg\x64\Debug\EffekseerRendererDX11.pdb' に見つかりません。デバッグ情報がないものとして、オブジェクトにリンクします。
EffekseerRendererDX11_vs2017D.lib(EffekseerRendererDX11.RenderState.obj) : warning LNK4099: PDB 'EffekseerRendererDX11.pdb' が 'EffekseerRendererDX11_vs2017D.lib(EffekseerRendererDX11.RenderState.obj)' で、または 'C:\Users\mokit\Desktop\HAL\2年後期まとめ\HewProg\x64\Debug\EffekseerRendererDX11.pdb' に見つかりません。デバッグ情報がないものとして、オブジェクトにリンクします。
EffekseerRendererDX11_vs2017D.lib(EffekseerRendererDX11.Renderer.obj) : warning LNK4099: PDB 'EffekseerRendererDX11.pdb' が 'EffekseerRendererDX11_vs2017D.lib(EffekseerRendererDX11.Renderer.obj)' で、または 'C:\Users\mokit\Desktop\HAL\2年後期まとめ\HewProg\x64\Debug\EffekseerRendererDX11.pdb' に見つかりません。デバッグ情報がないものとして、オブジェクトにリンクします。
EffekseerRendererDX11_vs2017D.lib(EffekseerRendererDX11.Shader.obj) : warning LNK4099: PDB 'EffekseerRendererDX11.pdb' が 'EffekseerRendererDX11_vs2017D.lib(EffekseerRendererDX11.Shader.obj)' で、または 'C:\Users\mokit\Desktop\HAL\2年後期まとめ\HewProg\x64\Debug\EffekseerRendererDX11.pdb' に見つかりません。デバッグ情報がないものとして、オブジェクトにリンクします。
EffekseerRendererDX11_vs2017D.lib(EffekseerRendererDX11.VertexBuffer.obj) : warning LNK4099: PDB 'EffekseerRendererDX11.pdb' が 'EffekseerRendererDX11_vs2017D.lib(EffekseerRendererDX11.VertexBuffer.obj)' で、または 'C:\Users\mokit\Desktop\HAL\2年後期まとめ\HewProg\x64\Debug\EffekseerRendererDX11.pdb' に見つかりません。デバッグ情報がないものとして、オブジェクトにリンクします。
EffekseerRendererDX11_vs2017D.lib(GraphicsDevice.obj) : warning LNK4099: PDB 'EffekseerRendererDX11.pdb' が 'EffekseerRendererDX11_vs2017D.lib(GraphicsDevice.obj)' で、または 'C:\Users\mokit\Desktop\HAL\2年後期まとめ\HewProg\x64\Debug\EffekseerRendererDX11.pdb' に見つかりません。デバッグ情報がないものとして、オブジェクトにリンクします。
EffekseerRendererDX11_vs2017D.lib(EffekseerMaterialCompilerDX11.obj) : warning LNK4099: PDB 'EffekseerRendererDX11.pdb' が 'EffekseerRendererDX11_vs2017D.lib(EffekseerMaterialCompilerDX11.obj)' で、または 'C:\Users\mokit\Desktop\HAL\2年後期まとめ\HewProg\x64\Debug\EffekseerRendererDX11.pdb' に見つかりません。デバッグ情報がないものとして、オブジェクトにリンクします。
EffekseerRendererDX11_vs2017D.lib(ShaderGenerator.obj) : warning LNK4099: PDB 'EffekseerRendererDX11.pdb' が 'EffekseerRendererDX11_vs2017D.lib(ShaderGenerator.obj)' で、または 'C:\Users\mokit\Desktop\HAL\2年後期まとめ\HewProg\x64\Debug\EffekseerRendererDX11.pdb' に見つかりません。デバッグ情報がないものとして、オブジェクトにリンクします。
EffekseerRendererDX11_vs2017D.lib(ShaderGeneratorCommon.obj) : warning LNK4099: PDB 'EffekseerRendererDX11.pdb' が 'EffekseerRendererDX11_vs2017D.lib(ShaderGeneratorCommon.obj)' で、または 'C:\Users\mokit\Desktop\HAL\2年後期まとめ\HewProg\x64\Debug\EffekseerRendererDX11.pdb' に見つかりません。デバッグ情報がないものとして、オブジェクトにリンクします。
EffekseerSoundXAudio2_vs2017D.lib(EffekseerSoundXAudio2.Sound.obj) : warning LNK4099: PDB 'EffekseerSoundXAudio2.pdb' が 'EffekseerSoundXAudio2_vs2017D.lib(EffekseerSoundXAudio2.Sound.obj)' で、または 'C:\Users\mokit\Desktop\HAL\2年後期まとめ\HewProg\x64\Debug\EffekseerSoundXAudio2.pdb' に見つかりません。デバッグ情報がないものとして、オブジェクトにリンクします。
EffekseerSoundXAudio2_vs2017D.lib(EffekseerSoundXAudio2.SoundLoader.obj) : warning LNK4099: PDB 'EffekseerSoundXAudio2.pdb' が 'EffekseerSoundXAudio2_vs2017D.lib(EffekseerSoundXAudio2.SoundLoader.obj)' で、または 'C:\Users\mokit\Desktop\HAL\2年後期まとめ\HewProg\x64\Debug\EffekseerSoundXAudio2.pdb' に見つかりません。デバッグ情報がないものとして、オブジェクトにリンクします。
EffekseerSoundXAudio2_vs2017D.lib(EffekseerSoundXAudio2.SoundPlayer.obj) : warning LNK4099: PDB 'EffekseerSoundXAudio2.pdb' が 'EffekseerSoundXAudio2_vs2017D.lib(EffekseerSoundXAudio2.SoundPlayer.obj)' で、または 'C:\Users\mokit\Desktop\HAL\2年後期まとめ\HewProg\x64\Debug\EffekseerSoundXAudio2.pdb' に見つかりません。デバッグ情報がないものとして、オブジェクトにリンクします。
EffekseerSoundXAudio2_vs2017D.lib(EffekseerSoundXAudio2.SoundVoice.obj) : warning LNK4099: PDB 'EffekseerSoundXAudio2.pdb' が 'EffekseerSoundXAudio2_vs2017D.lib(EffekseerSoundXAudio2.SoundVoice.obj)' で、または 'C:\Users\mokit\Desktop\HAL\2年後期まとめ\HewProg\x64\Debug\EffekseerSoundXAudio2.pdb' に見つかりません。デバッグ情報がないものとして、オブジェクトにリンクします。
  HEW_Project.vcxproj -> C:\Users\mokit\Desktop\HAL\2年後期まとめ\HewProg\x64\Debug\HEW_Project.exe
