c:\users\mokit\desktop\hewprog\hew_project\x64\debug\collision.obj
c:\users\mokit\desktop\hewprog\hew_project\x64\debug\itemui.obj
c:\users\mokit\desktop\hewprog\hew_project\x64\debug\scenemanager.obj
c:\users\mokit\desktop\hewprog\hew_project\x64\debug\coin.obj
c:\users\mokit\desktop\hewprog\hew_project\x64\debug\objectmanager.obj
c:\users\mokit\desktop\hewprog\hew_project\x64\debug\curtainobject.obj
c:\users\mokit\desktop\hewprog\hew_project\x64\debug\player.obj
c:\users\mokit\desktop\hewprog\hew_project\x64\debug\texture.obj
c:\users\mokit\desktop\hewprog\hew_project\x64\debug\cameradebug.obj
c:\users\mokit\desktop\hewprog\hew_project\x64\debug\lever.obj
c:\users\mokit\desktop\hewprog\hew_project\x64\debug\shaderlist.obj
c:\users\mokit\desktop\hewprog\hew_project\x64\debug\directx.obj
c:\users\mokit\desktop\hewprog\hew_project\x64\debug\lift_obj.obj
c:\users\mokit\desktop\hewprog\hew_project\x64\debug\shadowp.obj
c:\users\mokit\desktop\hewprog\hew_project\x64\debug\curtain.obj
c:\users\mokit\desktop\hewprog\hew_project\x64\debug\geometory.obj
c:\users\mokit\desktop\hewprog\hew_project\x64\debug\sprite.obj
c:\users\mokit\desktop\hewprog\hew_project\x64\debug\backshadow.obj
c:\users\mokit\desktop\hewprog\hew_project\x64\debug\screen.obj
c:\users\mokit\desktop\hewprog\hew_project\x64\debug\camera.obj
c:\users\mokit\desktop\hewprog\hew_project\x64\debug\scenetutorial.obj
c:\users\mokit\desktop\hewprog\hew_project\x64\debug\gameobject.obj
c:\users\mokit\desktop\hewprog\hew_project\x64\debug\input.obj
c:\users\mokit\desktop\hewprog\hew_project\x64\debug\magnetsn.obj
c:\users\mokit\desktop\hewprog\hew_project\x64\debug\soundtest.obj
c:\users\mokit\desktop\hewprog\hew_project\x64\debug\coincntui.obj
c:\users\mokit\desktop\hewprog\hew_project\x64\debug\meshbuffer.obj
c:\users\mokit\desktop\hewprog\hew_project\x64\debug\objecttomegu.obj
c:\users\mokit\desktop\hewprog\hew_project\x64\debug\stair.obj
c:\users\mokit\desktop\hewprog\hew_project\x64\debug\col.obj
c:\users\mokit\desktop\hewprog\hew_project\x64\debug\haikei.obj
c:\users\mokit\desktop\hewprog\hew_project\x64\debug\object.obj
c:\users\mokit\desktop\hewprog\hew_project\x64\debug\titlescene.obj
c:\users\mokit\desktop\hewprog\hew_project\x64\debug\camerashadow.obj
c:\users\mokit\desktop\hewprog\hew_project\x64\debug\scenegame.obj
c:\users\mokit\desktop\hewprog\hew_project\x64\debug\fade.obj
c:\users\mokit\desktop\hewprog\hew_project\x64\debug\main.obj
c:\users\mokit\desktop\hewprog\hew_project\x64\debug\startup.obj
c:\users\mokit\desktop\hewprog\hew_project\x64\debug\_geometory.obj
c:\users\mokit\desktop\hewprog\hew_project\x64\debug\cameraobject.obj
c:\users\mokit\desktop\hewprog\hew_project\x64\debug\model.obj
c:\users\mokit\desktop\hewprog\hew_project\x64\debug\_model.obj
c:\users\mokit\desktop\hewprog\hew_project\x64\debug\camerabase.obj
c:\users\mokit\desktop\hewprog\hew_project\x64\debug\hcollision.obj
c:\users\mokit\desktop\hewprog\hew_project\x64\debug\libeffekseer.obj
c:\users\mokit\desktop\hewprog\hew_project\x64\debug\shader.obj
c:\users\mokit\desktop\hewprog\hew_project\x64\debug\yuka.obj
c:\users\mokit\desktop\hewprog\hew_project\x64\debug\gamepad.obj
c:\users\mokit\desktop\hewprog\hew_project\x64\debug\goal.obj
c:\users\mokit\desktop\hewprog\hew_project\x64\debug\selectscene.obj
c:\users\mokit\desktop\hewprog\hew_project\assets\shader\ps_binarization.cso
c:\users\mokit\desktop\hewprog\hew_project\assets\shader\ps_shadow.cso
c:\users\mokit\desktop\hewprog\hew_project\assets\shader\ps_sprite.cso
c:\users\mokit\desktop\hewprog\hew_project\assets\shader\vs_model.cso
c:\users\mokit\desktop\hewprog\hew_project\x64\debug\vc141.idb
c:\users\mokit\desktop\hewprog\hew_project\x64\debug\vc141.pdb
c:\users\mokit\desktop\hewprog\hew_project\x64\debug\hew_project.tlog\cl.10448.write.1.tlog
c:\users\mokit\desktop\hewprog\hew_project\x64\debug\hew_project.tlog\cl.command.1.tlog
c:\users\mokit\desktop\hewprog\hew_project\x64\debug\hew_project.tlog\cl.read.1.tlog
c:\users\mokit\desktop\hewprog\hew_project\x64\debug\hew_project.tlog\fxc.command.1.tlog
c:\users\mokit\desktop\hewprog\hew_project\x64\debug\hew_project.tlog\fxc.read.1.tlog
c:\users\mokit\desktop\hewprog\hew_project\x64\debug\hew_project.tlog\fxc.write.1.tlog
