c:\users\mokit\desktop\dx22\dx22base\x64\debug\vc141.pdb
c:\users\mokit\desktop\dx22\dx22base\x64\debug\vc141.idb
c:\users\mokit\desktop\dx22\dx22base\x64\debug\player.obj
c:\users\mokit\desktop\dx22\dx22base\x64\debug\number.obj
c:\users\mokit\desktop\dx22\dx22base\x64\debug\moveemitter.obj
c:\users\mokit\desktop\dx22\dx22base\x64\debug\model.obj
c:\users\mokit\desktop\dx22\dx22base\x64\debug\meter.obj
c:\users\mokit\desktop\dx22\dx22base\x64\debug\main.obj
c:\users\mokit\desktop\dx22\dx22base\x64\debug\geometory.obj
c:\users\mokit\desktop\dx22\dx22base\x64\debug\meshbuffer.obj
c:\users\mokit\desktop\dx22\dx22base\x64\debug\itemui.obj
c:\users\mokit\desktop\dx22\dx22base\x64\debug\input.obj
c:\users\mokit\desktop\dx22\dx22base\x64\debug\goalpoll.obj
c:\users\mokit\desktop\dx22\dx22base\x64\debug\field.obj
c:\users\mokit\desktop\dx22\dx22base\x64\debug\fade.obj
c:\users\mokit\desktop\dx22\dx22base\x64\debug\effect.obj
c:\users\mokit\desktop\dx22\dx22base\x64\debug\directx.obj
c:\users\mokit\desktop\dx22\dx22base\x64\debug\cpucar.obj
c:\users\mokit\desktop\dx22\dx22base\x64\debug\collision.obj
c:\users\mokit\desktop\dx22\dx22base\x64\debug\cameraplayer.obj
c:\users\mokit\desktop\dx22\dx22base\x64\debug\cameradebug.obj
c:\users\mokit\desktop\dx22\dx22base\x64\debug\camerabase.obj
c:\users\mokit\desktop\dx22\dx22base\x64\debug\_model.obj
c:\users\mokit\desktop\dx22\dx22base\x64\debug\_geometory.obj
c:\users\mokit\desktop\dx22\dx22base\x64\debug\traileffect.obj
c:\users\mokit\desktop\dx22\dx22base\x64\debug\scenegame.obj
c:\users\mokit\desktop\dx22\dx22base\x64\debug\texture.obj
c:\users\mokit\desktop\dx22\dx22base\x64\debug\startup.obj
c:\users\mokit\desktop\dx22\dx22base\x64\debug\sprite.obj
c:\users\mokit\desktop\dx22\dx22base\x64\debug\spitem.obj
c:\users\mokit\desktop\dx22\dx22base\x64\debug\signal.obj
c:\users\mokit\desktop\dx22\dx22base\x64\debug\shader.obj
c:\users\mokit\desktop\dx22\dx22base\x64\debug\scenetitle.obj
c:\users\mokit\desktop\dx22\dx22base\x64\debug\sceneresult.obj
c:\users\mokit\desktop\dx22\dx22base\x64\debug\scenemanager.obj
c:\users\mokit\desktop\dx22\dx22base\x64\debug\roadeffect.obj
c:\users\mokit\desktop\dx22\dx22base\x64\debug\road.obj
c:\users\mokit\desktop\dx22\dx22base\x64\debug\polyline.obj
c:\users\mokit\desktop\dx22\dx22base\assets\shader\ps_model_color.cso
c:\users\mokit\desktop\dx22\dx22base\assets\shader\vs_model.cso
c:\users\mokit\desktop\dx22\x64\debug\dx22base.exe
c:\users\mokit\desktop\dx22\x64\debug\dx22base.ilk
c:\users\mokit\desktop\dx22\x64\debug\dx22base.pdb
c:\users\mokit\desktop\dx22\dx22base\x64\debug\dx22base.tlog\cl.command.1.tlog
c:\users\mokit\desktop\dx22\dx22base\x64\debug\dx22base.tlog\cl.read.1.tlog
c:\users\mokit\desktop\dx22\dx22base\x64\debug\dx22base.tlog\cl.write.1.tlog
c:\users\mokit\desktop\dx22\dx22base\x64\debug\dx22base.tlog\fxc.command.1.tlog
c:\users\mokit\desktop\dx22\dx22base\x64\debug\dx22base.tlog\fxc.read.1.tlog
c:\users\mokit\desktop\dx22\dx22base\x64\debug\dx22base.tlog\fxc.write.1.tlog
c:\users\mokit\desktop\dx22\dx22base\x64\debug\dx22base.tlog\link.command.1.tlog
c:\users\mokit\desktop\dx22\dx22base\x64\debug\dx22base.tlog\link.read.1.tlog
c:\users\mokit\desktop\dx22\dx22base\x64\debug\dx22base.tlog\link.write.1.tlog
